O O O
B-type O O O
B-meal O O
O O O
B-from_city B-to_city O O O
